TEST_ID=T04_cpu75_812
ROLE=pi5
NODE_ID=0
VALUE=312
MODE=cpu75
START_TS=2026-06-06T04:21:29+01:00
HOSTNAME=raspberrypi
TAILSCALE_IP=100.101.20.65
----------------------------------------
[mpc_runner] party 0/2 value=312 config=configs/cluster_test2.json
[mpc_runner] Connecting...
[comm] party 0 listening on port 5000
[comm] accepted connection from party 1
[comm] all 2 parties connected
[mpc_runner] Connected. Running protocol.

[meter] ============================
[meter] node_id          = 0
[meter] input_energy_wh  = 312
[meter] Local Partial Sum= 377319846
[meter] GLOBAL AGGREGATE = 812
[meter] protocol_ms      = 201.044
[meter] n_parties        = 2
[meter] max_rss_kb       = 6768
[meter] user_cpu_sec     = 0.004941
[meter] sys_cpu_sec      = 0.004941
[meter] ============================

----------------------------------------
END_TS=2026-06-06T04:21:33+01:00
