TEST_ID=T02_baseline_838
ROLE=pi5
NODE_ID=0
VALUE=318
MODE=baseline
START_TS=2026-06-06T04:20:58+01:00
HOSTNAME=raspberrypi
TAILSCALE_IP=100.101.20.65
----------------------------------------
[mpc_runner] party 0/2 value=318 config=configs/cluster_test2.json
[mpc_runner] Connecting...
[comm] party 0 listening on port 5000
[comm] accepted connection from party 1
[comm] all 2 parties connected
[mpc_runner] Connected. Running protocol.

[meter] ============================
[meter] node_id          = 0
[meter] input_energy_wh  = 318
[meter] Local Partial Sum= 1638407790
[meter] GLOBAL AGGREGATE = 838
[meter] protocol_ms      = 230.059
[meter] n_parties        = 2
[meter] max_rss_kb       = 2624
[meter] user_cpu_sec     = 0.004752
[meter] sys_cpu_sec      = 0.000000
[meter] ============================

----------------------------------------
END_TS=2026-06-06T04:21:04+01:00
