TEST_ID=T07_mem64_812
ROLE=pi5
NODE_ID=0
VALUE=312
MODE=mem64
START_TS=2026-06-06T04:22:08+01:00
HOSTNAME=raspberrypi
TAILSCALE_IP=100.101.20.65
----------------------------------------
[mpc_runner] party 0/2 value=312 config=configs/cluster_test2.json
[mpc_runner] Connecting...
[comm] party 0 listening on port 5000
[comm] accepted connection from party 1
[comm] all 2 parties connected
[mpc_runner] Connected. Running protocol.

[meter] ============================
[meter] node_id          = 0
[meter] input_energy_wh  = 312
[meter] Local Partial Sum= 980648209
[meter] GLOBAL AGGREGATE = 812
[meter] protocol_ms      = 188.418
[meter] n_parties        = 2
[meter] max_rss_kb       = 6816
[meter] user_cpu_sec     = 0.004939
[meter] sys_cpu_sec      = 0.004939
[meter] ============================

----------------------------------------
END_TS=2026-06-06T04:22:12+01:00
