TEST_ID=T01_baseline_812
ROLE=pi2
NODE_ID=1
VALUE=500
MODE=baseline
START_TS=2026-06-06T04:20:49+01:00
HOSTNAME=raspberrypi
TAILSCALE_IP=100.85.83.7
----------------------------------------
[mpc_runner] party 1/2 value=500 config=configs/cluster_test2.json
[mpc_runner] Connecting...
[comm] connected to party 0 at 100.101.20.65
[comm] all 2 parties connected
[mpc_runner] Connected. Running protocol.

[meter] ============================
[meter] node_id          = 1
[meter] input_energy_wh  = 500
[meter] Local Partial Sum= 562318313
[meter] GLOBAL AGGREGATE = 812
[meter] protocol_ms      = 290.605
[meter] n_parties        = 2
[meter] max_rss_kb       = 2848
[meter] user_cpu_sec     = 0.023681
[meter] sys_cpu_sec      = 0.006976
[meter] ============================

----------------------------------------
END_TS=2026-06-06T04:20:50+01:00
