TEST_ID=T03_baseline_815
ROLE=pi2
NODE_ID=1
VALUE=510
MODE=baseline
START_TS=2026-06-06T04:21:19+01:00
HOSTNAME=raspberrypi
TAILSCALE_IP=100.85.83.7
----------------------------------------
[mpc_runner] party 1/2 value=510 config=configs/cluster_test2.json
[mpc_runner] Connecting...
[comm] connected to party 0 at 100.101.20.65
[comm] all 2 parties connected
[mpc_runner] Connected. Running protocol.

[meter] ============================
[meter] node_id          = 1
[meter] input_energy_wh  = 510
[meter] Local Partial Sum= 370268480
[meter] GLOBAL AGGREGATE = 815
[meter] protocol_ms      = 214.483
[meter] n_parties        = 2
[meter] max_rss_kb       = 2848
[meter] user_cpu_sec     = 0.000000
[meter] sys_cpu_sec      = 0.030015
[meter] ============================

----------------------------------------
END_TS=2026-06-06T04:21:20+01:00
