TEST_ID=T04_cpu75_812
ROLE=pi2
NODE_ID=1
VALUE=500
MODE=baseline
START_TS=2026-06-06T04:21:32+01:00
HOSTNAME=raspberrypi
TAILSCALE_IP=100.85.83.7
----------------------------------------
[mpc_runner] party 1/2 value=500 config=configs/cluster_test2.json
[mpc_runner] Connecting...
[comm] connected to party 0 at 100.101.20.65
[comm] all 2 parties connected
[mpc_runner] Connected. Running protocol.

[meter] ============================
[meter] node_id          = 1
[meter] input_energy_wh  = 500
[meter] Local Partial Sum= 1770164613
[meter] GLOBAL AGGREGATE = 812
[meter] protocol_ms      = 260.798
[meter] n_parties        = 2
[meter] max_rss_kb       = 2764
[meter] user_cpu_sec     = 0.000000
[meter] sys_cpu_sec      = 0.030088
[meter] ============================

----------------------------------------
END_TS=2026-06-06T04:21:33+01:00
